// Jest Snapshot v1, https://goo.gl/fbAQLP

exports[`default listeners loads with default buildError listener: console error 1`] = `
[
  [
    [Error: Uncaught Error],
  ],
]
`;

exports[`default listeners loads with default buildError listener: console log 1`] = `
[
  [
    "
[1mwebpack-compiler-plugin:[22m [31m🚒 build failed[39m",
  ],
]
`;

exports[`default listeners loads with default buildError listener: process exit 1`] = `
[
  [
    1,
  ],
]
`;

exports[`default listeners loads with default interrupt listener: console error 1`] = `[]`;

exports[`default listeners loads with default interrupt listener: console log 1`] = `
[
  [
    "
[1mwebpack-compiler-plugin:[22m [33m🚧 build interrupted[39m",
  ],
]
`;

exports[`default listeners loads with default interrupt listener: process exit 1`] = `
[
  [
    2,
  ],
]
`;

exports[`stage messages does not use default state messages buildStart 1`] = `[]`;

exports[`stage messages does not use default state messages compileEnd 1`] = `[]`;

exports[`stage messages does not use default state messages compileStart 1`] = `[]`;

exports[`stage messages uses default state messages buildStart 1`] = `
[
  [
    "
webpack-compiler-plugin: [34m🚀 build starting[39m",
  ],
]
`;

exports[`stage messages uses default state messages compileEnd 1`] = `
[
  [
    "
webpack-compiler-plugin: [32m⌛ code compiled[39m",
  ],
]
`;

exports[`stage messages uses default state messages compileStart 1`] = `
[
  [
    "
webpack-compiler-plugin: [34m⏳ code compiling[39m",
  ],
]
`;
